07-20 14:45:11.220  2361  5027 W android.hardware.audio.service.ranchu: TinyalsaSink::write:125 pcm_write was late reading frames, dropping 22131 us of audio
07-20 14:45:11.276  2361  5027 I chatty  : uid=1041(audioserver) HwBinder:2361_3 identical 2 lines
07-20 14:45:11.298  2361  5027 W android.hardware.audio.service.ranchu: TinyalsaSink::write:125 pcm_write was late reading frames, dropping 22131 us of audio
07-20 14:45:11.317  2409  2462 D EventSequenceValidator: inc AccIntentStartedEvents to 11
07-20 14:45:11.322  2361  5027 W android.hardware.audio.service.ranchu: TinyalsaSink::write:125 pcm_write was late reading frames, dropping 22131 us of audio
07-20 14:45:11.417  2361  5027 I chatty  : uid=1041(audioserver) HwBinder:2361_3 identical 3 lines
07-20 14:45:11.444  2361  5027 W android.hardware.audio.service.ranchu: TinyalsaSink::write:125 pcm_write was late reading frames, dropping 22131 us of audio
07-20 14:45:11.467 19874 19874 D LifecycleMonitor: Lifecycle status change: com.example.trainingactivity.MainActivity@22cbbd6 in: PAUSED
07-20 14:45:11.475 19874 19874 V ActivityScenario: Update currentActivityStage to PAUSED, currentActivity=com.example.trainingactivity.MainActivity@22cbbd6
07-20 14:45:11.482  2361  5027 W android.hardware.audio.service.ranchu: TinyalsaSink::write:125 pcm_write was late reading frames, dropping 22131 us of audio
07-20 14:45:11.482  2409  4036 W InputReader: Device virtio_input_multi_touch_9 is associated with display ADISPLAY_ID_NONE.
07-20 14:45:11.482  2409  4036 W InputReader: Device virtio_input_multi_touch_7 is associated with display ADISPLAY_ID_NONE.
07-20 14:45:11.482  2409  4036 W InputReader: Device virtio_input_multi_touch_10 is associated with display ADISPLAY_ID_NONE.
07-20 14:45:11.483  2409  4036 W InputReader: Device virtio_input_multi_touch_4 is associated with display ADISPLAY_ID_NONE.
07-20 14:45:11.483  2409  4036 W InputReader: Device virtio_input_multi_touch_6 is associated with display ADISPLAY_ID_NONE.
07-20 14:45:11.483  2409  4036 W InputReader: Device virtio_input_multi_touch_3 is associated with display ADISPLAY_ID_NONE.
07-20 14:45:11.483  2409  4036 W InputReader: Device virtio_input_multi_touch_11 is associated with display ADISPLAY_ID_NONE.
07-20 14:45:11.483  2409  4036 W InputReader: Device virtio_input_multi_touch_5 is associated with display ADISPLAY_ID_NONE.
07-20 14:45:11.483  2409  4036 W InputReader: Device virtio_input_multi_touch_8 is associated with display ADISPLAY_ID_NONE.
07-20 14:45:11.483  2409  4036 W InputReader: Device virtio_input_multi_touch_2 is associated with display ADISPLAY_ID_NONE.
07-20 14:45:11.487  2409  4036 W InputReader: Device virtio_input_multi_touch_9 is associated with display ADISPLAY_ID_NONE.
07-20 14:45:11.487  2409  4036 W InputReader: Device virtio_input_multi_touch_7 is associated with display ADISPLAY_ID_NONE.
07-20 14:45:11.487  2409  4036 W InputReader: Device virtio_input_multi_touch_10 is associated with display ADISPLAY_ID_NONE.
07-20 14:45:11.487  2409  4036 W InputReader: Device virtio_input_multi_touch_4 is associated with display ADISPLAY_ID_NONE.
07-20 14:45:11.487  2409  4036 W InputReader: Device virtio_input_multi_touch_6 is associated with display ADISPLAY_ID_NONE.
07-20 14:45:11.487  2409  4036 W InputReader: Device virtio_input_multi_touch_3 is associated with display ADISPLAY_ID_NONE.
07-20 14:45:11.487  2409  4036 W InputReader: Device virtio_input_multi_touch_11 is associated with display ADISPLAY_ID_NONE.
07-20 14:45:11.487  2409  4036 W InputReader: Device virtio_input_multi_touch_5 is associated with display ADISPLAY_ID_NONE.
07-20 14:45:11.487  2409  4036 W InputReader: Device virtio_input_multi_touch_8 is associated with display ADISPLAY_ID_NONE.
07-20 14:45:11.487  2409  4036 W InputReader: Device virtio_input_multi_touch_2 is associated with display ADISPLAY_ID_NONE.
07-20 14:45:11.507   407   407 I perfetto: ing_service_impl.cc:758 Configured tracing session 112, #sources:1, duration:5000 ms, #buffers:1, total buffer size:4096 KB, total sessions:1, uid:1071 session name: ""
07-20 14:45:11.508  2361  5027 W android.hardware.audio.service.ranchu: TinyalsaSink::write:125 pcm_write was late reading frames, dropping 22131 us of audio
07-20 14:45:11.516   405   405 I perfetto: probes_producer.cc:230  Ftrace setup (target_buf=112)
07-20 14:45:11.547  2361  5027 W android.hardware.audio.service.ranchu: TinyalsaSink::write:125 pcm_write was late reading frames, dropping 22131 us of audio
07-20 14:45:11.783  2361  5027 I chatty  : uid=1041(audioserver) HwBinder:2361_3 identical 5 lines
07-20 14:45:11.810  2361  5027 W android.hardware.audio.service.ranchu: TinyalsaSink::write:125 pcm_write was late reading frames, dropping 22131 us of audio
07-20 14:45:11.828 19874 19874 D MainActivity: Return to Original Color
07-20 14:45:11.839  2361  5027 W android.hardware.audio.service.ranchu: TinyalsaSink::write:125 pcm_write was late reading frames, dropping 22131 us of audio
07-20 14:45:11.902  2361  5027 I chatty  : uid=1041(audioserver) HwBinder:2361_3 identical 2 lines
07-20 14:45:11.947  2361  5027 W android.hardware.audio.service.ranchu: TinyalsaSink::write:125 pcm_write was late reading frames, dropping 22131 us of audio
07-20 14:45:11.984   405   405 I perfetto: ftrace_procfs.cc:176    enabled ftrace
07-20 14:45:11.992  2361  5027 W android.hardware.audio.service.ranchu: TinyalsaSink::write:125 pcm_write was late reading frames, dropping 22131 us of audio
07-20 14:45:12.196  2361  5027 I chatty  : uid=1041(audioserver) HwBinder:2361_3 identical 5 lines
07-20 14:45:12.218  2361  5027 W android.hardware.audio.service.ranchu: TinyalsaSink::write:125 pcm_write was late reading frames, dropping 22131 us of audio
07-20 14:45:12.222  2409  2462 D EventSequenceValidator: inc AccIntentStartedEvents to 12
07-20 14:45:12.252  2361  5027 W android.hardware.audio.service.ranchu: TinyalsaSink::write:125 pcm_write was late reading frames, dropping 22131 us of audio
07-20 14:45:12.326  2361  5027 W android.hardware.audio.service.ranchu: TinyalsaSink::write:125 pcm_write was late reading frames, dropping 22131 us of audio
07-20 14:45:12.338 19874 19874 D MainActivity: Animate Button
07-20 14:45:12.384  2361  5027 W android.hardware.audio.service.ranchu: TinyalsaSink::write:125 pcm_write was late reading frames, dropping 22131 us of audio
07-20 14:45:12.526  2361  5027 I chatty  : uid=1041(audioserver) HwBinder:2361_3 identical 3 lines
07-20 14:45:12.557  2361  5027 W android.hardware.audio.service.ranchu: TinyalsaSink::write:125 pcm_write was late reading frames, dropping 22131 us of audio
07-20 14:45:12.586  2409  2462 D EventSequenceValidator: dec AccIntentStartedEvents to 11
07-20 14:45:12.595  2361  5027 W android.hardware.audio.service.ranchu: TinyalsaSink::write:125 pcm_write was late reading frames, dropping 22131 us of audio
07-20 14:45:12.617  2361  5027 W android.hardware.audio.service.ranchu: TinyalsaSink::write:125 pcm_write was late reading frames, dropping 22131 us of audio
07-20 14:45:12.655 19912 19941 D HostConnection: HostConnection::get() New Host Connection established 0xe9582cb0, tid 19941
07-20 14:45:12.685  2361  5027 W android.hardware.audio.service.ranchu: TinyalsaSink::write:125 pcm_write was late reading frames, dropping 22131 us of audio
07-20 14:45:12.727  2361  5027 I chatty  : uid=1041(audioserver) HwBinder:2361_3 identical 1 line
07-20 14:45:12.771  2361  5027 W android.hardware.audio.service.ranchu: TinyalsaSink::write:125 pcm_write was late reading frames, dropping 22131 us of audio
07-20 14:45:12.779  2409  2462 W InputReader: Device virtio_input_multi_touch_9 is associated with display ADISPLAY_ID_NONE.
07-20 14:45:12.779  2409  2462 W InputReader: Device virtio_input_multi_touch_7 is associated with display ADISPLAY_ID_NONE.
07-20 14:45:12.780  2409  2462 W InputReader: Device virtio_input_multi_touch_10 is associated with display ADISPLAY_ID_NONE.
07-20 14:45:12.780  2409  2462 W InputReader: Device virtio_input_multi_touch_4 is associated with display ADISPLAY_ID_NONE.
07-20 14:45:12.780  2409  2462 W InputReader: Device virtio_input_multi_touch_6 is associated with display ADISPLAY_ID_NONE.
07-20 14:45:12.780  2409  2462 W InputReader: Device virtio_input_multi_touch_3 is associated with display ADISPLAY_ID_NONE.
07-20 14:45:12.780  2409  2462 W InputReader: Device virtio_input_multi_touch_11 is associated with display ADISPLAY_ID_NONE.
07-20 14:45:12.780  2409  2462 W InputReader: Device virtio_input_multi_touch_5 is associated with display ADISPLAY_ID_NONE.
07-20 14:45:12.780  2409  2462 W InputReader: Device virtio_input_multi_touch_8 is associated with display ADISPLAY_ID_NONE.
07-20 14:45:12.780  2409  2462 W InputReader: Device virtio_input_multi_touch_2 is associated with display ADISPLAY_ID_NONE.
07-20 14:45:12.780  2409  2462 W InputReader: Device virtio_input_multi_touch_9 is associated with display ADISPLAY_ID_NONE.
07-20 14:45:12.780  2409  2462 W InputReader: Device virtio_input_multi_touch_7 is associated with display ADISPLAY_ID_NONE.
07-20 14:45:12.780  2409  2462 W InputReader: Device virtio_input_multi_touch_10 is associated with display ADISPLAY_ID_NONE.
07-20 14:45:12.780  2409  2462 W InputReader: Device virtio_input_multi_touch_4 is associated with display ADISPLAY_ID_NONE.
07-20 14:45:12.781  2409  2462 W InputReader: Device virtio_input_multi_touch_6 is associated with display ADISPLAY_ID_NONE.
07-20 14:45:12.781  2409  2462 W InputReader: Device virtio_input_multi_touch_3 is associated with display ADISPLAY_ID_NONE.
07-20 14:45:12.781  2409  2462 W InputReader: Device virtio_input_multi_touch_11 is associated with display ADISPLAY_ID_NONE.
07-20 14:45:12.781  2409  2462 W InputReader: Device virtio_input_multi_touch_5 is associated with display ADISPLAY_ID_NONE.
07-20 14:45:12.781  2409  2462 W InputReader: Device virtio_input_multi_touch_8 is associated with display ADISPLAY_ID_NONE.
07-20 14:45:12.781  2409  2462 W InputReader: Device virtio_input_multi_touch_2 is associated with display ADISPLAY_ID_NONE.
07-20 14:45:12.792  2361  5027 W android.hardware.audio.service.ranchu: TinyalsaSink::write:125 pcm_write was late reading frames, dropping 22131 us of audio
07-20 14:45:12.818 19912 19941 D HostConnection: HostComposition ext ANDROID_EMU_CHECKSUM_HELPER_v1 ANDROID_EMU_native_sync_v2 ANDROID_EMU_native_sync_v3 ANDROID_EMU_native_sync_v4 ANDROID_EMU_dma_v1 ANDROID_EMU_direct_mem ANDROID_EMU_host_composition_v1 ANDROID_EMU_host_composition_v2 ANDROID_EMU_YUV_Cache ANDROID_EMU_has_shared_slots_host_memory_allocator ANDROID_EMU_sync_buffer_data ANDROID_EMU_read_color_buffer_dma GL_OES_EGL_image_external_essl3 GL_OES_vertex_array_object GL_KHR_texture_compression_astc_ldr ANDROID_EMU_host_side_tracing ANDROID_EMU_gles_max_version_3_0
07-20 14:45:12.823  2361  5027 W android.hardware.audio.service.ranchu: TinyalsaSink::write:125 pcm_write was late reading frames, dropping 22131 us of audio
07-20 14:45:13.157  2361  5027 I chatty  : uid=1041(audioserver) HwBinder:2361_3 identical 2 lines
07-20 14:45:13.236  2361  5027 W android.hardware.audio.service.ranchu: TinyalsaSink::write:125 pcm_write was late reading frames, dropping 22131 us of audio
07-20 14:45:13.342 19874 19874 D MainActivity: Return to Original Color
07-20 14:45:13.383   177   177 I hwservicemanager: getTransport: Cannot find entry android.hardware.configstore@1.0::ISurfaceFlingerConfigs/default in either framework or device manifest.
07-20 14:45:13.386 19912 19941 W OpenGLRenderer: Failed to choose config with EGL_SWAP_BEHAVIOR_PRESERVED, retrying without...
07-20 14:45:13.387  2361  5027 W android.hardware.audio.service.ranchu: TinyalsaSink::write:125 pcm_write was late reading frames, dropping 22131 us of audio
07-20 14:45:13.391 19912 19941 D EGL_emulation: eglCreateContext: 0xe95821c0: maj 3 min 0 rcv 3
07-20 14:45:13.403 19912 19941 D EGL_emulation: eglMakeCurrent: 0xe95821c0: ver 3 0 (tinfo 0xe97d5390) (first time)
07-20 14:45:13.407  2361  5027 W android.hardware.audio.service.ranchu: TinyalsaSink::write:125 pcm_write was late reading frames, dropping 22131 us of audio
07-20 14:45:13.438  2361  5027 W android.hardware.audio.service.ranchu: TinyalsaSink::write:125 pcm_write was late reading frames, dropping 22131 us of audio
07-20 14:45:13.447 23129 20017 D SharedPreferencesImpl: Time required to fsync /data/user/0/com.google.android.gms/shared_prefs/com.google.android.gms.safetynet.xml: [<1: 0, <2: 0, <4: 13, <8: 24, <16: 2, <32: 7, <64: 3, <128: 0, <256: 0, <512: 0, <1024: 1, <2048: 0, <4096: 0, <8192: 0, <16384: 0, >=16384: 0]
07-20 14:45:13.479  2361  5027 W android.hardware.audio.service.ranchu: TinyalsaSink::write:125 pcm_write was late reading frames, dropping 22131 us of audio
07-20 14:45:13.634  2409  3862 I system_server: oneway function results will be dropped but finished with status OK and parcel size 4
07-20 14:45:13.695   307   307 D goldfish-address-space: claimShared: Ask to claim region [0x3f0000000 0x3f0965000]
07-20 14:45:13.727   177   177 I hwservicemanager: getTransport: Cannot find entry android.hardware.graphics.mapper@4.0::IMapper/default in either framework or device manifest.
07-20 14:45:13.728 19912 19941 I Gralloc4: mapper 4.x is not supported
07-20 14:45:13.732 19912 19941 D HostConnection: createUnique: call
07-20 14:45:13.735 19912 19941 D HostConnection: HostConnection::get() New Host Connection established 0xe9581a50, tid 19941
07-20 14:45:13.736 19912 19941 D goldfish-address-space: allocate: Ask for block of size 0x100
07-20 14:45:13.737 19912 19941 D goldfish-address-space: allocate: ioctl allocate returned offset 0x3efffe000 size 0x2000
07-20 14:45:14.219 19912 19941 D HostConnection: HostComposition ext ANDROID_EMU_CHECKSUM_HELPER_v1 ANDROID_EMU_native_sync_v2 ANDROID_EMU_native_sync_v3 ANDROID_EMU_native_sync_v4 ANDROID_EMU_dma_v1 ANDROID_EMU_direct_mem ANDROID_EMU_host_composition_v1 ANDROID_EMU_host_composition_v2 ANDROID_EMU_YUV_Cache ANDROID_EMU_has_shared_slots_host_memory_allocator ANDROID_EMU_sync_buffer_data ANDROID_EMU_read_color_buffer_dma GL_OES_EGL_image_external_essl3 GL_OES_vertex_array_object GL_KHR_texture_compression_astc_ldr ANDROID_EMU_host_side_tracing ANDROID_EMU_gles_max_version_3_0
07-20 14:45:14.227   307   307 D goldfish-address-space: claimShared: Ask to claim region [0x3f12ca000 0x3f1c2f000]
07-20 14:45:14.359   307   353 D goldfish-address-space: claimShared: Ask to claim region [0x3f4000000 0x3f4965000]
07-20 14:45:15.679 19912 19941 I OpenGLRenderer: Davey! duration=3448ms; Flags=1, IntendedVsync=89831955013417, Vsync=89832088346745, OldestInputEvent=9223372036854775807, NewestInputEvent=0, HandleInputStart=89832103165777, AnimationStart=89832103336777, PerformTraversalsStart=89832103515777, DrawStart=89834139224777, SyncQueued=89834487635777, SyncStart=89834666250777, IssueDrawCommandsStart=89834667829777, SwapBuffers=89835299189777, FrameCompleted=89835581765777, DequeueBufferDuration=170305000, QueueBufferDuration=4937000, GpuCompleted=72904454231491230,
07-20 14:45:15.697  3143  8548 I rkstack.proces: IncrementDisableThreadFlip blocked for 36.826ms
07-20 14:45:15.700  3143 18649 I rkstack.proces: IncrementDisableThreadFlip blocked for 13.610ms
07-20 14:45:16.083  3143  3156 I rkstack.proces: Background concurrent copying GC freed 6240(426KB) AllocSpace objects, 34(2040KB) LOS objects, 49% free, 2317KB/4634KB, paused 776.668ms total 2.603s
07-20 14:45:16.604   405   405 I perfetto: probes_producer.cc:329  Producer stop (id=112)
07-20 14:45:16.775   407   407 I perfetto: ng_service_impl.cc:1948 Tracing session 112 ended, total sessions:0
07-20 14:45:16.802   405   405 I perfetto: ftrace_procfs.cc:183    disabled ftrace
07-20 14:45:17.018   307   353 D goldfish-address-space: claimShared: Ask to claim region [0x3f4965000 0x3f52ca000]
07-20 14:45:17.045   307   353 D goldfish-address-space: claimShared: Ask to claim region [0x3f52ca000 0x3f5c2f000]
07-20 14:45:17.050   307   353 D goldfish-address-space: claimShared: Ask to claim region [0x3f5c2f000 0x3f6594000]
07-20 14:45:17.408  2409  2498 I ActivityTaskManager: Displayed com.example.trainingactivity.test/androidx.test.core.app.InstrumentationActivityInvoker$EmptyActivity: +5s0ms
07-20 14:45:17.678   307   353 D goldfish-address-space: claimShared: Ask to claim region [0x3f2594000 0x3f2b97000]
07-20 14:45:18.047  2409  3662 D HostConnection: HostConnection::get() New Host Connection established 0xe95b9740, tid 3662
07-20 14:45:18.292  2409  4190 W InputReader: Device virtio_input_multi_touch_9 is associated with display ADISPLAY_ID_NONE.
07-20 14:45:18.292  2409  4190 W InputReader: Device virtio_input_multi_touch_7 is associated with display ADISPLAY_ID_NONE.
07-20 14:45:18.292  2409  4190 W InputReader: Device virtio_input_multi_touch_10 is associated with display ADISPLAY_ID_NONE.
07-20 14:45:18.293  2409  4190 W InputReader: Device virtio_input_multi_touch_4 is associated with display ADISPLAY_ID_NONE.
07-20 14:45:18.303  2409  4190 W InputReader: Device virtio_input_multi_touch_6 is associated with display ADISPLAY_ID_NONE.
07-20 14:45:18.304  2409  4190 W InputReader: Device virtio_input_multi_touch_3 is associated with display ADISPLAY_ID_NONE.
07-20 14:45:18.304  2409  4190 W InputReader: Device virtio_input_multi_touch_11 is associated with display ADISPLAY_ID_NONE.
07-20 14:45:18.307  2409  4190 W InputReader: Device virtio_input_multi_touch_5 is associated with display ADISPLAY_ID_NONE.
07-20 14:45:18.307  2409  4190 W InputReader: Device virtio_input_multi_touch_8 is associated with display ADISPLAY_ID_NONE.
07-20 14:45:18.307  2409  4190 W InputReader: Device virtio_input_multi_touch_2 is associated with display ADISPLAY_ID_NONE.
07-20 14:45:18.311  2409  4190 W InputReader: Device virtio_input_multi_touch_9 is associated with display ADISPLAY_ID_NONE.
07-20 14:45:18.311  2409  4190 W InputReader: Device virtio_input_multi_touch_7 is associated with display ADISPLAY_ID_NONE.
07-20 14:45:18.311  2409  4190 W InputReader: Device virtio_input_multi_touch_10 is associated with display ADISPLAY_ID_NONE.
07-20 14:45:18.311  2409  4190 W InputReader: Device virtio_input_multi_touch_4 is associated with display ADISPLAY_ID_NONE.
07-20 14:45:18.311  2409  4190 W InputReader: Device virtio_input_multi_touch_6 is associated with display ADISPLAY_ID_NONE.
07-20 14:45:18.311  2409  4190 W InputReader: Device virtio_input_multi_touch_3 is associated with display ADISPLAY_ID_NONE.
07-20 14:45:18.311  2409  4190 W InputReader: Device virtio_input_multi_touch_11 is associated with display ADISPLAY_ID_NONE.
07-20 14:45:18.312  2409  4190 W InputReader: Device virtio_input_multi_touch_5 is associated with display ADISPLAY_ID_NONE.
07-20 14:45:18.312  2409  4190 W InputReader: Device virtio_input_multi_touch_8 is associated with display ADISPLAY_ID_NONE.
07-20 14:45:18.316  2409  4190 W InputReader: Device virtio_input_multi_touch_2 is associated with display ADISPLAY_ID_NONE.
07-20 14:45:19.060  3320  3329 I s.nexuslaunche: NativeAlloc concurrent copying GC freed 2457(217KB) AllocSpace objects, 1(88KB) LOS objects, 49% free, 3720KB/7441KB, paused 15.439ms total 838.219ms
07-20 14:45:19.301  2409  3662 D HostConnection: HostComposition ext ANDROID_EMU_CHECKSUM_HELPER_v1 ANDROID_EMU_native_sync_v2 ANDROID_EMU_native_sync_v3 ANDROID_EMU_native_sync_v4 ANDROID_EMU_dma_v1 ANDROID_EMU_direct_mem ANDROID_EMU_host_composition_v1 ANDROID_EMU_host_composition_v2 ANDROID_EMU_YUV_Cache ANDROID_EMU_has_shared_slots_host_memory_allocator ANDROID_EMU_sync_buffer_data ANDROID_EMU_read_color_buffer_dma GL_OES_EGL_image_external_essl3 GL_OES_vertex_array_object GL_KHR_texture_compression_astc_ldr ANDROID_EMU_host_side_tracing ANDROID_EMU_gles_max_version_3_0
07-20 14:45:19.535  2409  3662 W OpenGLRenderer: Failed to choose config with EGL_SWAP_BEHAVIOR_PRESERVED, retrying without...
07-20 14:45:19.539  2409  3662 D EGL_emulation: eglCreateContext: 0xe95b7590: maj 3 min 0 rcv 3
07-20 14:45:19.556  2409  3662 D EGL_emulation: eglMakeCurrent: 0xe95b7590: ver 3 0 (tinfo 0xb4a89e90) (first time)
07-20 14:45:19.940  2361 20004 W android.hardware.audio.service.ranchu: TinyalsaSink::consumeThread:176 pcm_write failed with res=-1
07-20 14:45:20.405   307   353 D goldfish-address-space: claimShared: Ask to claim region [0x3f0965000 0x3f12ca000]
07-20 14:45:20.584   472   472 E netmgr  : qemu_pipe_open_ns:62: Could not connect to the 'pipe:qemud:network' service: Invalid argument
07-20 14:45:20.584   472   472 E netmgr  : Failed to open QEMU pipe 'qemud:network': Invalid argument
07-20 14:45:20.630   307   353 D goldfish-address-space: claimShared: Ask to claim region [0x3f6594000 0x3f6ef9000]
07-20 14:45:20.689   307   307 D goldfish-address-space: claimShared: Ask to claim region [0x3f6ef9000 0x3f785e000]
07-20 14:45:21.247 13152 13199 I OpenGLRenderer: Davey! duration=1530ms; Flags=1, IntendedVsync=89839430013118, Vsync=89839646679776, OldestInputEvent=9223372036854775807, NewestInputEvent=0, HandleInputStart=89839654612777, AnimationStart=89839654696777, PerformTraversalsStart=89839654828777, DrawStart=89840369978777, SyncQueued=89840764228777, SyncStart=89840954939777, IssueDrawCommandsStart=89840956320777, SwapBuffers=89841097241777, FrameCompleted=89841150903777, DequeueBufferDuration=11333000, QueueBufferDuration=8586000, GpuCompleted=12884901912,
07-20 14:45:22.829  2409  2463 I Choreographer: Skipped 68 frames!  The application may be doing too much work on its main thread.
07-20 14:45:23.087 19874 19874 D LifecycleMonitor: Lifecycle status change: com.example.trainingactivity.MainActivity@22cbbd6 in: STOPPED
07-20 14:45:23.088 19874 19874 V ActivityScenario: Update currentActivityStage to STOPPED, currentActivity=com.example.trainingactivity.MainActivity@22cbbd6
07-20 14:45:23.281   478   478 E wifi_forwarder: qemu_pipe_open_ns:62: Could not connect to the 'pipe:qemud:wififorward' service: Invalid argument
07-20 14:45:23.282   478   478 E wifi_forwarder: RemoteConnection failed to initialize: RemoteConnection failed to open pipe
07-20 14:45:23.355  2409  2463 I Choreographer: Skipped 30 frames!  The application may be doing too much work on its main thread.
07-20 14:45:23.810 19874 19874 D LifecycleMonitor: Lifecycle status change: com.example.trainingactivity.MainActivity@22cbbd6 in: DESTROYED
07-20 14:45:23.811 19874 19874 V ActivityScenario: Update currentActivityStage to DESTROYED, currentActivity=null
07-20 14:45:23.832 19874 19901 E TestRunner: failed: mainActivityEspressoTest(com.example.trainingactivity.MainActivityEspressoTest)
07-20 14:45:23.837 19874 19901 E TestRunner: ----- begin exception -----
07-20 14:45:23.868 19874 19901 E TestRunner: androidx.test.espresso.base.DefaultFailureHandler$AssertionFailedWithCauseError: 'an instance of android.widget.TextView and view.getText() with or without transformation to match: is "You win!"' doesn't match the selected view.
07-20 14:45:23.868 19874 19901 E TestRunner: Expected: an instance of android.widget.TextView and view.getText() with or without transformation to match: is "You win!"
07-20 14:45:23.868 19874 19901 E TestRunner:      Got: view.getText() was "Correct sequence! Starting next sequence!" transformed text was "Correct sequence! Starting next sequence!"
07-20 14:45:23.868 19874 19901 E TestRunner: View Details: MaterialTextView{id=2131231170, res-name=textview, visibility=VISIBLE, width=1080, height=53, has-focus=false, has-focusable=false, has-window-focus=true, is-clickable=false, is-enabled=true, is-focused=false, is-focusable=false, is-layout-requested=false, is-selected=false, layout-params=androidx.constraintlayout.widget.ConstraintLayout$LayoutParams@654d990, tag=null, root-is-layout-requested=false, has-input-connection=false, x=0.0, y=678.0, text=Correct sequence! Starting next sequence!, input-type=0, ime-target=false, has-links=false}
07-20 14:45:23.868 19874 19901 E TestRunner:
07-20 14:45:23.868 19874 19901 E TestRunner: 	at dalvik.system.VMStack.getThreadStackTrace(Native Method)
07-20 14:45:23.868 19874 19901 E TestRunner: 	at java.lang.Thread.getStackTrace(Thread.java:1736)
07-20 14:45:23.868 19874 19901 E TestRunner: 	at androidx.test.espresso.base.DefaultFailureHandler.getUserFriendlyError(DefaultFailureHandler.java:12)
07-20 14:45:23.868 19874 19901 E TestRunner: 	at androidx.test.espresso.base.DefaultFailureHandler.handle(DefaultFailureHandler.java:7)
07-20 14:45:23.868 19874 19901 E TestRunner: 	at androidx.test.espresso.ViewInteraction.waitForAndHandleInteractionResults(ViewInteraction.java:5)
07-20 14:45:23.868 19874 19901 E TestRunner: 	at androidx.test.espresso.ViewInteraction.check(ViewInteraction.java:12)
07-20 14:45:23.868 19874 19901 E TestRunner: 	at com.example.trainingactivity.MainActivityEspressoTest.mainActivityEspressoTest(MainActivityEspressoTest.kt:61)
07-20 14:45:23.868 19874 19901 E TestRunner: 	at java.lang.reflect.Method.invoke(Native Method)
07-20 14:45:23.868 19874 19901 E TestRunner: 	at org.junit.runners.model.FrameworkMethod$1.runReflectiveCall(FrameworkMethod.java:50)
07-20 14:45:23.868 19874 19901 E TestRunner: 	at org.junit.internal.runners.model.ReflectiveCallable.run(ReflectiveCallable.java:12)
07-20 14:45:23.868 19874 19901 E TestRunner: 	at org.junit.runners.model.FrameworkMethod.invokeExplosively(FrameworkMethod.java:47)
07-20 14:45:23.868 19874 19901 E TestRunner: 	at org.junit.internal.runners.statements.InvokeMethod.evaluate(InvokeMethod.java:17)
07-20 14:45:23.868 19874 19901 E TestRunner: 	at org.junit.rules.ExternalResource$1.evaluate(ExternalResource.java:48)
07-20 14:45:23.868 19874 19901 E TestRunner: 	at org.junit.rules.RunRules.evaluate(RunRules.java:20)
07-20 14:45:23.868 19874 19901 E TestRunner: 	at org.junit.runners.ParentRunner.runLeaf(ParentRunner.java:325)
07-20 14:45:23.868 19874 19901 E TestRunner: 	at org.junit.runners.BlockJUnit4ClassRunner.runChild(BlockJUnit4ClassRunner.java:78)
07-20 14:45:23.868 19874 19901 E TestRunner: 	at org.junit.runners.BlockJUnit4ClassRunner.runChild(BlockJUnit4ClassRunner.java:57)
07-20 14:45:23.868 19874 19901 E TestRunner: 	at org.junit.runners.ParentRunner$3.run(ParentRunner.java:290)
07-20 14:45:23.868 19874 19901 E TestRunner: 	at org.junit.runners.ParentRunner$1.schedule(ParentRunner.java:71)
07-20 14:45:23.868 19874 19901 E TestRunner: 	at org.junit.runners.ParentRunner.runChildren(ParentRunner.java:288)
07-20 14:45:23.868 19874 19901 E TestRunner: 	at org.junit.runners.ParentRunner.access$000(ParentRunner.java:58)
07-20 14:45:23.868 19874 19901 E TestRunner: 	at org.junit.runners.ParentRunner$2.evaluate(ParentRunner.java:268)
07-20 14:45:23.868 19874 19901 E TestRunner: 	at org.junit.runners.ParentRunner.run(ParentRunner.java:363)
07-20 14:45:23.868 19874 19901 E TestRunner: 	at androidx.test.ext.junit.runners.AndroidJUnit4.run(AndroidJUnit4.java:162)
07-20 14:45:23.868 19874 19901 E TestRunner: 	at org.junit.runners.Suite.runChild(Suite.java:128)
07-20 14:45:23.868 19874 19901 E TestRunner: 	at org.junit.runners.Suite.runChild(Suite.java:27)
07-20 14:45:23.868 19874 19901 E TestRunner: 	at org.junit.runners.ParentRunner$3.run(ParentRunner.java:290)
07-20 14:45:23.868 19874 19901 E TestRunner: 	at org.junit.runners.ParentRunner$1.schedule(ParentRunner.java:71)
07-20 14:45:23.868 19874 19901 E TestRunner: 	at org.junit.runners.ParentRunner.runChildren(ParentRunner.java:288)
07-20 14:45:23.868 19874 19901 E TestRunner: 	at org.junit.runners.ParentRunner.access$000(ParentRunner.java:58)
07-20 14:45:23.868 19874 19901 E TestRunner: 	at org.junit.runners.ParentRunner$2.evaluate(ParentRunner.java:268)
07-20 14:45:23.868 19874 19901 E TestRunner: 	at org.junit.runners.ParentRunner.run(ParentRunner.java:363)
07-20 14:45:23.868 19874 19901 E TestRunner: 	at org.junit.runner.JUnitCore.run(JUnitCore.java:137)
07-20 14:45:23.868 19874 19901 E TestRunner: 	at org.junit.runner.JUnitCore.run(JUnitCore.java:115)
07-20 14:45:23.868 19874 19901 E TestRunner: 	at androidx.test.internal.runner.TestExecutor.execute(TestExecutor.java:56)
07-20 14:45:23.868 19874 19901 E TestRunner: 	at androidx.test.runner.AndroidJUnitRunner.onStart(AndroidJUnitRunner.java:444)
07-20 14:45:23.868 19874 19901 E TestRunner: 	at android.app.Instrumentation$InstrumentationThread.run(Instrumentation.java:2205)
07-20 14:45:23.868 19874 19901 E TestRunner: Caused by: junit.framework.AssertionFailedError: 'an instance of android.widget.TextView and view.getText() with or without transformation to match: is "You win!"' doesn't match the selected view.
07-20 14:45:23.927 19874 19901 E TestRunner: Expected: an instance of android.widget.TextView and view.getText() with or without transformation to match: is "You win!"
07-20 14:45:23.927 19874 19901 E TestRunner:      Got: view.getText() was "Correct sequence! Starting next sequence!" transformed text was "Correct sequence! Starting next sequence!"
07-20 14:45:23.927 19874 19901 E TestRunner: View Details: MaterialTextView{id=2131231170, res-name=textview, visibility=VISIBLE, width=1080, height=53, has-focus=false, has-focusable=false, has-window-focus=true, is-clickable=false, is-enabled=true, is-focused=false, is-focusable=false, is-layout-requested=false, is-selected=false, layout-params=androidx.constraintlayout.widget.ConstraintLayout$LayoutParams@654d990, tag=null, root-is-layout-requested=false, has-input-connection=false, x=0.0, y=678.0, text=Correct sequence! Starting next sequence!, input-type=0, ime-target=false, has-links=false}
07-20 14:45:23.927 19874 19901 E TestRunner:
07-20 14:45:23.927 19874 19901 E TestRunner: 	at androidx.test.espresso.matcher.ViewMatchers.assertThat(ViewMatchers.java:16)
07-20 14:45:23.927 19874 19901 E TestRunner: 	at androidx.test.espresso.assertion.ViewAssertions$MatchesViewAssertion.check(ViewAssertions.java:11)
07-20 14:45:23.927 19874 19901 E TestRunner: 	at androidx.test.espresso.ViewInteraction$SingleExecutionViewAssertion.check(ViewInteraction.java:2)
07-20 14:45:23.927 19874 19901 E TestRunner: 	at androidx.test.espresso.ViewInteraction$2.call(ViewInteraction.java:12)
07-20 14:45:23.927 19874 19901 E TestRunner: 	at androidx.test.espresso.ViewInteraction$2.call(ViewInteraction.java:1)
07-20 14:45:23.927 19874 19901 E TestRunner: 	at java.util.concurrent.FutureTask.run(FutureTask.java:266)
07-20 14:45:23.927 19874 19901 E TestRunner: 	at android.os.Handler.handleCallback(Handler.java:938)
07-20 14:45:23.927 19874 19901 E TestRunner: 	at android.os.Handler.dispatchMessage(Handler.java:99)
07-20 14:45:23.927 19874 19901 E TestRunner: 	at android.os.Looper.loop(Looper.java:223)
07-20 14:45:23.927 19874 19901 E TestRunner: 	at android.app.ActivityThread.main(ActivityThread.java:7656)
07-20 14:45:23.927 19874 19901 E TestRunner: 	at java.lang.reflect.Method.invoke(Native Method)
07-20 14:45:23.927 19874 19901 E TestRunner: 	at com.android.internal.os.RuntimeInit$MethodAndArgsCaller.run(RuntimeInit.java:592)
07-20 14:45:23.927 19874 19901 E TestRunner: 	at com.android.internal.os.ZygoteInit.main(ZygoteInit.java:947)
07-20 14:45:23.927 19874 19901 E TestRunner: ----- end exception -----
07-20 14:45:24.084 19874 19901 I TestRunner: finished: mainActivityEspressoTest(com.example.trainingactivity.MainActivityEspressoTest)
